PP 5655-EC6 IBM Enterprise COBOL for z/OS  6.4.0 P220825                 Date 09/30/2026  Time 04:53:08   Page     1

Invocation parameters:
 LIB

        IGYOS4090-I   The "LIB" option specification is no longer required.  COBOL library processing is always in effect.


Options in effect:
 NOADATA
   ADV
   AFP(NOVOLATILE)
   QUOTE
   ARCH(10)
   ARITH(COMPAT)
 NOAWO
 NOBLOCK0
   BUFSIZE(4096)
 NOCICS
   CODEPAGE(1140)
 NOCOMPILE(S)
 NOCOPYLOC
 NOCOPYRIGHT
 NOCURRENCY
   DATA(31)
   DBCS
 NODECK
 NODEFINE
 NODIAGTRUNC
   DISPSIGN(COMPAT)
 NODLL
 NODUMP
 NODYNAM
 NOEXIT
 NOEXPORTALL
 NOFASTSRT
   FLAG(I,I)
 NOFLAGSTD
   HGPR(PRESERVE)
 NOINITCHECK
 NOINITIAL
   INLINE
   INTDATE(ANSI)
 NOINVDATA
   INTDATE(ANSI)
 NOJAVAIOP
   LANGUAGE(EN)
   LINECOUNT(60)
 NOLIST
   LP(32)
 NOMAP
   MAXPCF(100000)
 NOMDECK
 NONAME
   NSYMBOL(NATIONAL)
 NONUMBER
 NONUMCHECK
   NUMPROC(NOPFD)
   OBJECT
 NOOFFSETPP 5655-EC6 IBM Enterprise COBOL for z/OS  6.4.0 P220825                 Date 09/30/2026  Time 04:53:08   Page     2

   OPTIMIZE(0)
   OUTDD(SYSOUT)
 NOPARMCHECK
   PGMNAME(COMPAT)
   QUALIFY(COMPAT)
   RENT
   RMODE(AUTO)
 NORULES
 NOSERVICE
   SEQUENCE
   SMARTBIN
   SOURCE(DEC)
   SPACE(1)
 NOSQL
   SQLCCSID
 NOSQLIMS
 NOSSRANGE
 NOSTGOPT
   SUPPRESS
 NOTERM
 NOTEST(NODWARF,NOSOURCE,NOSEPARATE)
 NOTHREAD
   TRUNC(STD)
   TUNE(10)
 NOVBREF
   VLR(STANDARD)
   VSAMOPENFS(COMPAT)
 NOWORD
   XMLPARSE(XMLSS)
   XREF(FULL)
   ZWBPP 5655-EC6 IBM Enterprise COBOL for z/OS  6.4.0 P220825       HELLO     Date 09/30/2026  Time 04:53:08   Page     3
  LineID  PL SL  ----+-*A-1-B--+----2----+----3----+----4----+----5----+----6----+----7-|--+----8 Map and Cross Reference

  000001                IDENTIFICATION DIVISION.
  000002                PROGRAM-ID. HELLO.
  000003                PROCEDURE DIVISION.
  000004                     DISPLAY "Hello, World!".
  000005                    STOP RUN.PP 5655-EC6 IBM Enterprise COBOL for z/OS  6.4.0 P220825       HELLO     Date 09/30/2026  Time 04:53:08   Page     4

An "M" preceding a data-name reference indicates that the data-name is modified by this reference.

 Defined   Cross-reference of data names   References
PP 5655-EC6 IBM Enterprise COBOL for z/OS  6.4.0 P220825       HELLO     Date 09/30/2026  Time 04:53:08   Page     5

 Defined   Cross-reference of programs     References

       2   HELLO


Messages    Total    Informational    Warning    Error    Severe    Terminating

Printed:       1           1


* Statistics for COBOL program HELLO:
*    Source records = 5
*    Data Division statements = 0
*    Procedure Division statements = 2
*    Generated COBOL statements = 0
*    Program complexity factor = 2

End of compilation 1,  program HELLO,  highest severity 0.

Return code 0
1z/OS V2 R5 BINDER     04:53:09 WEDNESDAY SEPTEMBER 30, 2026
 BATCH EMULATOR  JOB(IBMUSER ) STEP(STEP1   ) PGM= IEWBLINK
 IEW2278I B352 INVOCATION PARAMETERS - MAP,RENT,COMPAT(PM5)

1                         *** M O D U L E  M A P ***

 ---------------
 CLASS  C_CODE            LENGTH =      728  ATTRIBUTES = CAT,   LOAD, RMODE=ANY
                          OFFSET =        0 IN SEGMENT 001     ALIGN = DBLWORD
 ---------------

  SECTION    CLASS                                      ------- SOURCE --------
   OFFSET   OFFSET  NAME                TYPE    LENGTH  DDNAME   SEQ  MEMBER

                 0  HELLO              CSECT       728  SYSLIN    01  HELLO
        0        0     HELLO#C            LABEL
        0        0     HELLO              LABEL

 ---------------
 CLASS  C_@@PPA2          LENGTH =        8  ATTRIBUTES = MRG,   LOAD, RMODE=ANY
                          OFFSET =      728 IN SEGMENT 001     ALIGN = DBLWORD
 ---------------

             CLASS
            OFFSET  NAME                TYPE    LENGTH   SECTION
                 0  $PRIV000010      PART             8  HELLO

 ---------------
 CLASS  C_@@CSINIT        LENGTH =        4  ATTRIBUTES = MRG,   LOAD, RMODE=ANY
                          OFFSET =      730 IN SEGMENT 001     ALIGN = DBLWORD
 ---------------

             CLASS
            OFFSET  NAME                TYPE    LENGTH   SECTION
                 0  $PRIV000011      PART             4  HELLO

 ---------------
 CLASS  B_TEXT            LENGTH =      BF0  ATTRIBUTES = CAT,   LOAD, RMODE=ANY
                          OFFSET =      738 IN SEGMENT 001     ALIGN = DBLWORD
 ---------------

  SECTION    CLASS                                      ------- SOURCE --------
   OFFSET   OFFSET  NAME                TYPE    LENGTH  DDNAME   SEQ  MEMBER

                 0  IGZXBS61        *  CSECT        10  SYSLIB    02  IGZXBS61

                10  CEESG004        *  CSECT        34  SYSLIB    02  CEESG004

                48  IGZXRT1         *  CSECT        12  SYSLIB    02  IGZXRT1

                60  IGZXTREC        *  CSECT        12  SYSLIB    02  IGZXTREC

                78  IGZXDSP         *  CSECT        12  SYSLIB    02  IGZXDSP

                90  IGZXCMSG        *  CSECT        12  SYSLIB    02  IGZXCMSG

                A8  IGZXPRS         *  CSECT        12  SYSLIB    02  IGZXPRS

                C0  IGZXBST4        *  CSECT       4E0  SYSLIB    02  IGZXBST4

               5A0  CEEBETBL        *  CSECT        28  SYSLIB    02  CEEBETBL

               5C8  CEESTART        *  CSECT        B0  SYSLIB    02  CEESTART

1                         *** M O D U L E  M A P ***

  SECTION    CLASS                                      ------- SOURCE --------
   OFFSET   OFFSET  NAME                TYPE    LENGTH  DDNAME   SEQ  MEMBER

               678  CEEBPUBT        *  CSECT        70  SYSLIB    02  CEEBPUBT

               6E8  CEEBTRM         *  CSECT        74  SYSLIB    02  CEEBTRM

               760  CEECPYRT        *  CSECT        CF  SYSLIB    02  CEEBTRM

               830  CEEBLLST        *  CSECT        5C  SYSLIB    02  CEEBLLST
       10      840     CEELLIST           LABEL

               890  CEEBINT         *  CSECT         8  SYSLIB    02  CEEBINT

               898  CEEARLU         *  CSECT        B8  SYSLIB    02  CEEARLU

               950  CEEBPIRA        *  CSECT       2A0  SYSLIB    02  CEEINT
        0      950     CEEINT             LABEL
        0      950     CEEBPIRB           LABEL
        0      950     CEEBPIRC           LABEL
1                         *** M O D U L E  M A P ***

 ---------------
 CLASS  B_LIT             LENGTH =      100  ATTRIBUTES = CAT,   LOAD, RMODE=ANY
                          OFFSET =     1328 IN SEGMENT 001     ALIGN = DBLWORD
 ---------------

  SECTION    CLASS                                      ------- SOURCE --------
   OFFSET   OFFSET  NAME                TYPE    LENGTH  DDNAME   SEQ  MEMBER

                 0  IEWBLIT            CSECT       100                **NULL**
        0        0     IEWBLIT            LABEL

 ---------------
 CLASS  C_WSA             LENGTH =       94  ATTRIBUTES = MRG, DEFER , RMODE=ANY
                          OFFSET =        0 IN SEGMENT 002     ALIGN = DBLWORD
 ---------------

             CLASS
            OFFSET  NAME                TYPE    LENGTH   SECTION
                 0  $PRIV000012      PART            10
                10  HELLO#S          PART            84  HELLO

 ---------------
 CLASS  C_CEESG003        LENGTH =        0  ATTRIBUTES = CAT, NOLOAD

 ---------------

  SECTION    CLASS                                      ------- SOURCE --------
   OFFSET   OFFSET  NAME                TYPE    LENGTH  DDNAME   SEQ  MEMBER

                 0  HELLO              CSECT         0  SYSLIN    01  HELLO

 ---------------
 CLASS  D_MCODE           LENGTH =     1135  ATTRIBUTES = CAT, NOLOAD

 ---------------

  SECTION    CLASS                                      ------- SOURCE --------
   OFFSET   OFFSET  NAME                TYPE    LENGTH  DDNAME   SEQ  MEMBER

                 0  HELLO              CSECT      1135  SYSLIN    01  HELLO
1          ***  DATA SET SUMMARY  ***

 DDNAME    CONCAT   FILE IDENTIFICATION

 SYSLIB      02     CEE.SCEELKED
 SYSLIN      01     ADCD.DBBTEST.OBJ
1          *** SYMBOL REFERENCES NOT ASSOCIATED WITH ANY ADCON ***

 TYPE   SCOPE   NAME


           *** E N D  O F  M O D U L E  M A P ***



                                 *** O P E R A T I O N   S U M M A R Y   R E P O R T ***

1PROCESSING OPTIONS:

    ALIASES             NO
    ALIGN2              NO
    AMODE               UNSPECIFIED
    CALL                YES
    CASE                UPPER
    COMPAT              ZOSV1R8
    COMPRESS            AUTO
    DCBS                NO
    DYNAM               NO
    EXTATTR             UNSPECIFIED
    EXITS:              NONE
    FILL                NONE
    GID                 UNSPECIFIED
    HOBSET              NO
    INFO                NO
    LET                 04
    LINECT              060
    LIST                SUMMARY
    LISTPRIV            NO
    LONGPARM            NO
    MAP                 YES
    MAXBLK              032760
    MODMAP              NO
    MSGLEVEL            00
    OVLY                NO
    PRINT               YES
    RES                 NO
    REUSABILITY         REENTRANT
    RMODE               UNSPECIFIED
    RMODEX              NO
    SIGN                NO
    STORENX             NOREPLACE
    STRIPCL             NO
    STRIPSEC            NO
    SYMTRACE
    TERM                NO
    TRAP                ON
    UID                 UNSPECIFIED
    UPCASE              NO
    WKSPACE             000000K,000000K
    XCAL                NO
    XREF                NO
    ***END OF OPTIONS***




1SAVE OPERATION SUMMARY:

    MEMBER NAME         HELLO
    LOAD LIBRARY        ADCD.DBBTEST.LOAD
    PROGRAM TYPE        PROGRAM OBJECT(FORMAT 5 OS COMPAT LEVEL z/OS V1R8 )
    VOLUME SERIAL       PRD003
    DISPOSITION         ADDED NEW
    TIME OF SAVE        04.53.11  SEP 30, 2026


1SAVE MODULE ATTRIBUTES:

    AC                  000
    AMODE                31
    COMPRESSION         BINDER DATA
    DC                  NO
    EDITABLE            YES
    EXCEEDS 16MB        NO
    EXECUTABLE          YES
    LONGPARM            NO
    MIGRATABLE          NO
    OL                  NO
    OVLY                NO
    PACK,PRIME          NO,NO
    PAGE ALIGN          NO
    REFR                NO
    RENT                YES
    REUS                YES
    RMODE               ANY
    SCTR                NO
    SIGN                NO
    SSI
    SYM GENERATED       NO
    TEST                NO
    XPLINK              NO
    MODULE SIZE (HEX)   000014BC
    DASD SIZE (HEX)     00008000


1 ENTRY POINT AND ALIAS SUMMARY:

  NAME:            ENTRY TYPE AMODE C_OFFSET CLASS NAME        STATUS

  HELLO             MAIN_EP      31 00000000 C_CODE

                          *** E N D   O F   O P E R A T I O N   S U M M A R Y   R E P O R T ***




1z/OS V2 R5 BINDER     04:53:09 WEDNESDAY SEPTEMBER 30, 2026
 BATCH EMULATOR  JOB(IBMUSER ) STEP(STEP1   ) PGM= IEWBLINK
 IEW2008I 0F03 PROCESSING COMPLETED.  RETURN CODE =  0.



1----------------------
 MESSAGE SUMMARY REPORT
 ----------------------
  TERMINAL MESSAGES      (SEVERITY = 16)
  NONE

  SEVERE MESSAGES        (SEVERITY = 12)
  NONE

  ERROR MESSAGES         (SEVERITY = 08)
  NONE

  WARNING MESSAGES       (SEVERITY = 04)
  NONE

  INFORMATIONAL MESSAGES (SEVERITY = 00)
  2008  2278


  **** END OF MESSAGE SUMMARY REPORT ****

